RE3-OB/adservice_f3/1: predicted=adservice expected=adservice hit=True error=None
RE3-OB/adservice_f3/2: predicted=adservice expected=adservice hit=True error=None
RE3-OB/adservice_f3/3: predicted=adservice expected=adservice hit=True error=None
RE3-OB/adservice_f4/1: predicted=adservice expected=adservice hit=True error=None
RE3-OB/adservice_f4/2: predicted=None expected=adservice hit=False error=StructuredOutputError: parse_json_object: invalid JSON: Expecting property name enclosed in double quotes: line 2 column 3 (char 4)
RE3-OB/adservice_f4/3: predicted=None expected=adservice hit=False error=StructuredOutputError: parse_json_object: duplicate key 'case_narrative' in JSON object
RE3-OB/adservice_f5/1: predicted=adservice expected=adservice hit=True error=None
RE3-OB/adservice_f5/2: predicted=adservice expected=adservice hit=True error=None
RE3-OB/adservice_f5/3: predicted=adservice expected=adservice hit=True error=None
RE3-OB/cartservice_f1/1: predicted=redis expected=cartservice hit=False error=None
RE3-OB/cartservice_f1/2: predicted=cartservice expected=cartservice hit=True error=None
RE3-OB/cartservice_f1/3: predicted=cartservice expected=cartservice hit=True error=None
RE3-OB/currencyservice_f1/1: predicted=currencyservice expected=currencyservice hit=True error=None
RE3-OB/currencyservice_f1/2: predicted=frontend expected=currencyservice hit=False error=None
RE3-OB/currencyservice_f1/3: predicted=redis expected=currencyservice hit=False error=None
{
  "dataset": "RCAEval",
  "system": "RE3-OB",
  "mode": "continuous-noise-native",
  "total_cases": 15,
  "top1_accuracy": 0.6666666666666666,
  "top1_hits": 10,
  "elapsed_sec": 3054.014
}
wrote prismv4/results/prism_cht/deepseek_v4_pro_continuous_15.json
