nohup: 忽略输入
Eadro-TT/TT.2022-04-17T212101D2022-04-17T230842/fault0: predicted=ts-contacts-service expected=ts-food-service hit=False tokens=169487 error=None
Eadro-TT/TT.2022-04-17T212101D2022-04-17T230842/fault1: predicted=ts-contacts-service expected=ts-food-service hit=False tokens=158125 error=None
Eadro-TT/TT.2022-04-17T212101D2022-04-17T230842/fault2: predicted=ts-contacts-service expected=ts-food-service hit=False tokens=174744 error=None
Eadro-TT/TT.2022-04-17T212101D2022-04-17T230842/fault3: predicted=ts-contacts-service expected=ts-travel-service hit=False tokens=159668 error=None
Eadro-TT/TT.2022-04-17T212101D2022-04-17T230842/fault4: predicted=ts-contacts-service expected=ts-travel-service hit=False tokens=172749 error=None
Eadro-TT/TT.2022-04-17T212101D2022-04-17T230842/fault5: predicted=ts-contacts-service expected=ts-travel-service hit=False tokens=174852 error=None
Eadro-TT/TT.2022-04-17T212101D2022-04-17T230842/fault6: predicted=ts-contacts-service expected=ts-contacts-service hit=True tokens=158479 error=None
Eadro-TT/TT.2022-04-17T212101D2022-04-17T230842/fault7: predicted=ts-assurance-service expected=ts-contacts-service hit=False tokens=164481 error=None
Eadro-TT/TT.2022-04-17T212101D2022-04-17T230842/fault8: predicted=ts-travel-service expected=ts-contacts-service hit=False tokens=191926 error=None
Eadro-TT/TT.2022-04-18T102520D2022-04-18T121301/fault0: predicted=ts-inside-payment-service expected=ts-user-service hit=False tokens=203438 error=None
Eadro-TT/TT.2022-04-18T102520D2022-04-18T121301/fault1: predicted=ts-inside-payment-service expected=ts-user-service hit=False tokens=165228 error=None
Eadro-TT/TT.2022-04-18T102520D2022-04-18T121301/fault2: predicted=ts-inside-payment-service expected=ts-user-service hit=False tokens=172429 error=None
Eadro-TT/TT.2022-04-18T102520D2022-04-18T121301/fault3: predicted=ts-inside-payment-service expected=ts-notification-service hit=False tokens=218159 error=None
Eadro-TT/TT.2022-04-18T102520D2022-04-18T121301/fault4: predicted=ts-inside-payment-service expected=ts-notification-service hit=False tokens=166453 error=None
Eadro-TT/TT.2022-04-18T102520D2022-04-18T121301/fault5: predicted=ts-inside-payment-service expected=ts-notification-service hit=False tokens=181248 error=None
Eadro-TT/TT.2022-04-18T102520D2022-04-18T121301/fault6: predicted=ts-inside-payment-service expected=ts-inside-payment-service hit=True tokens=207580 error=None
Eadro-TT/TT.2022-04-18T102520D2022-04-18T121301/fault7: predicted=ts-route-service expected=ts-inside-payment-service hit=False tokens=165533 error=None
Eadro-TT/TT.2022-04-18T102520D2022-04-18T121301/fault8: predicted=ts-assurance-service expected=ts-inside-payment-service hit=False tokens=169303 error=None
Eadro-TT/TT.2022-04-18T121515D2022-04-18T140256/fault0: predicted=ts-assurance-service expected=ts-route-plan-service hit=False tokens=169246 error=None
Eadro-TT/TT.2022-04-18T121515D2022-04-18T140256/fault1: predicted=ts-assurance-service expected=ts-route-plan-service hit=False tokens=247588 error=None
Eadro-TT/TT.2022-04-18T121515D2022-04-18T140256/fault2: predicted=ts-assurance-service expected=ts-route-plan-service hit=False tokens=206115 error=None
Eadro-TT/TT.2022-04-18T121515D2022-04-18T140256/fault3: predicted=ts-assurance-service expected=ts-assurance-service hit=True tokens=129862 error=None
Eadro-TT/TT.2022-04-18T121515D2022-04-18T140256/fault4: predicted=ts-auth-service expected=ts-assurance-service hit=False tokens=144116 error=None
Eadro-TT/TT.2022-04-18T121515D2022-04-18T140256/fault5: predicted=ts-auth-service expected=ts-assurance-service hit=False tokens=165308 error=None
Eadro-TT/TT.2022-04-18T121515D2022-04-18T140256/fault6: predicted=ts-auth-service expected=ts-price-service hit=False tokens=292661 error=None
Eadro-TT/TT.2022-04-18T121515D2022-04-18T140256/fault7: predicted=ts-auth-service expected=ts-price-service hit=False tokens=178189 error=None
Eadro-TT/TT.2022-04-18T121515D2022-04-18T140256/fault8: predicted=ts-auth-service expected=ts-price-service hit=False tokens=154149 error=None
Eadro-TT/TT.2022-04-18T150729D2022-04-18T165511/fault0: predicted=ts-train-service expected=ts-train-service hit=True tokens=177927 error=None
Eadro-TT/TT.2022-04-18T150729D2022-04-18T165511/fault1: predicted=ts-order-service expected=ts-train-service hit=False tokens=160399 error=None
Eadro-TT/TT.2022-04-18T150729D2022-04-18T165511/fault2: predicted=ts-order-service expected=ts-train-service hit=False tokens=146633 error=None
Eadro-TT/TT.2022-04-18T150729D2022-04-18T165511/fault3: predicted=ts-order-service expected=ts-order-service hit=True tokens=169785 error=None
Eadro-TT/TT.2022-04-18T150729D2022-04-18T165511/fault4: predicted=ts-auth-service expected=ts-order-service hit=False tokens=211931 error=None
Eadro-TT/TT.2022-04-18T150729D2022-04-18T165511/fault5: predicted=ts-auth-service expected=ts-order-service hit=False tokens=145476 error=None
Eadro-TT/TT.2022-04-18T150729D2022-04-18T165511/fault6: predicted=ts-assurance-service expected=ts-cancel-service hit=False tokens=182154 error=None
Eadro-TT/TT.2022-04-18T150729D2022-04-18T165511/fault7: predicted=ts-travel-service expected=ts-cancel-service hit=False tokens=157431 error=None
Eadro-TT/TT.2022-04-18T150729D2022-04-18T165511/fault8: predicted=ts-assurance-service expected=ts-cancel-service hit=False tokens=173280 error=None
Eadro-TT/TT.2022-04-18T165807D2022-04-18T184548/fault0: predicted=ts-basic-service expected=ts-basic-service hit=True tokens=190967 error=None
Eadro-TT/TT.2022-04-18T165807D2022-04-18T184548/fault1: predicted=ts-order-other-service expected=ts-basic-service hit=False tokens=150816 error=None
Eadro-TT/TT.2022-04-18T165807D2022-04-18T184548/fault2: predicted=ts-order-other-service expected=ts-basic-service hit=False tokens=162243 error=None
Eadro-TT/TT.2022-04-18T165807D2022-04-18T184548/fault3: predicted=ts-order-other-service expected=ts-order-other-service hit=True tokens=163390 error=None
Eadro-TT/TT.2022-04-18T165807D2022-04-18T184548/fault4: predicted=ts-travel-service expected=ts-order-other-service hit=False tokens=243510 error=None
Eadro-TT/TT.2022-04-18T165807D2022-04-18T184548/fault5: predicted=ts-auth-service expected=ts-order-other-service hit=False tokens=190131 error=None
Eadro-TT/TT.2022-04-18T165807D2022-04-18T184548/fault6: predicted=ts-travel-service expected=ts-travel-plan-service hit=False tokens=168926 error=None
Eadro-TT/TT.2022-04-18T165807D2022-04-18T184548/fault7: predicted=ts-auth-service expected=ts-travel-plan-service hit=False tokens=182086 error=None
Eadro-TT/TT.2022-04-18T165807D2022-04-18T184548/fault8: predicted=ts-auth-service expected=ts-travel-plan-service hit=False tokens=164837 error=None
Eadro-TT/TT.2022-04-18T184759D2022-04-18T203539/fault0: predicted=ts-config-service expected=ts-food-map-service hit=False tokens=178126 error=None
Eadro-TT/TT.2022-04-18T184759D2022-04-18T203539/fault1: predicted=ts-config-service expected=ts-food-map-service hit=False tokens=217041 error=None
Eadro-TT/TT.2022-04-18T184759D2022-04-18T203539/fault2: predicted=ts-config-service expected=ts-food-map-service hit=False tokens=151066 error=None
Eadro-TT/TT.2022-04-18T184759D2022-04-18T203539/fault3: predicted=ts-config-service expected=ts-config-service hit=True tokens=159982 error=None
Eadro-TT/TT.2022-04-18T184759D2022-04-18T203539/fault4: predicted=ts-auth-service expected=ts-config-service hit=False tokens=156382 error=None
Eadro-TT/TT.2022-04-18T184759D2022-04-18T203539/fault5: predicted=ts-auth-service expected=ts-config-service hit=False tokens=160244 error=None
Eadro-TT/TT.2022-04-18T184759D2022-04-18T203539/fault6: predicted=ts-route-service expected=ts-security-service hit=False tokens=158729 error=None
Eadro-TT/TT.2022-04-18T184759D2022-04-18T203539/fault7: predicted=ts-auth-service expected=ts-security-service hit=False tokens=175779 error=None
Eadro-TT/TT.2022-04-18T184759D2022-04-18T203539/fault8: predicted=ts-auth-service expected=ts-security-service hit=False tokens=175512 error=None
Eadro-TT/TT.2022-04-18T203805D2022-04-18T222547/fault0: predicted=ts-payment-service expected=ts-station-service hit=False tokens=188102 error=None
Eadro-TT/TT.2022-04-18T203805D2022-04-18T222547/fault1: predicted=ts-payment-service expected=ts-station-service hit=False tokens=213921 error=None
Eadro-TT/TT.2022-04-18T203805D2022-04-18T222547/fault2: predicted=ts-payment-service expected=ts-station-service hit=False tokens=160377 error=None
Eadro-TT/TT.2022-04-18T203805D2022-04-18T222547/fault3: predicted=ts-payment-service expected=ts-travel2-service hit=False tokens=225128 error=None
Eadro-TT/TT.2022-04-18T203805D2022-04-18T222547/fault4: predicted=ts-payment-service expected=ts-travel2-service hit=False tokens=153325 error=None
Eadro-TT/TT.2022-04-18T203805D2022-04-18T222547/fault5: predicted=ts-payment-service expected=ts-travel2-service hit=False tokens=183323 error=None
Eadro-TT/TT.2022-04-18T203805D2022-04-18T222547/fault6: predicted=ts-payment-service expected=ts-payment-service hit=True tokens=152252 error=None
Eadro-TT/TT.2022-04-18T203805D2022-04-18T222547/fault7: predicted=ts-auth-service expected=ts-payment-service hit=False tokens=161841 error=None
Eadro-TT/TT.2022-04-18T203805D2022-04-18T222547/fault8: predicted=ts-auth-service expected=ts-payment-service hit=False tokens=169029 error=None
Eadro-TT/TT.2022-04-18T222801D2022-04-19T001541/fault0: predicted=ts-food-service expected=ts-preserve-service hit=False tokens=182329 error=None
