nohup: 忽略输入
RE3-OB/adservice_f3/1: predicted=frontend expected=adservice hit=False tokens=170283 error=None
RE3-OB/adservice_f3/2: predicted=frontend expected=adservice hit=False tokens=195812 error=None
RE3-OB/adservice_f3/3: predicted=frontend expected=adservice hit=False tokens=166062 error=None
RE3-OB/adservice_f4/1: predicted=adservice expected=adservice hit=True tokens=151729 error=None
RE3-OB/adservice_f4/2: predicted=adservice expected=adservice hit=True tokens=142696 error=None
RE3-OB/adservice_f4/3: predicted=adservice expected=adservice hit=True tokens=151646 error=None
RE3-OB/adservice_f5/1: predicted=adservice expected=adservice hit=True tokens=154675 error=None
RE3-OB/adservice_f5/2: predicted=adservice expected=adservice hit=True tokens=147705 error=None
RE3-OB/adservice_f5/3: predicted=adservice expected=adservice hit=True tokens=150020 error=None
RE3-OB/cartservice_f1/1: predicted=cartservice expected=cartservice hit=True tokens=155524 error=None
RE3-OB/cartservice_f1/2: predicted=cartservice expected=cartservice hit=True tokens=187636 error=None
RE3-OB/cartservice_f1/3: predicted=cartservice expected=cartservice hit=True tokens=150533 error=None
RE3-OB/currencyservice_f1/1: predicted=frontend expected=currencyservice hit=False tokens=149230 error=None
RE3-OB/currencyservice_f1/2: predicted=checkoutservice expected=currencyservice hit=False tokens=144152 error=None
RE3-OB/currencyservice_f1/3: predicted=frontend expected=currencyservice hit=False tokens=222190 error=None
RE3-OB/emailservice_f1/1: predicted=checkoutservice expected=emailservice hit=False tokens=161019 error=None
RE3-OB/emailservice_f1/2: predicted=checkoutservice expected=emailservice hit=False tokens=247796 error=None
RE3-OB/emailservice_f1/3: predicted=emailservice expected=emailservice hit=True tokens=125169 error=None
RE3-OB/emailservice_f2/1: predicted=checkoutservice expected=emailservice hit=False tokens=154672 error=None
RE3-OB/emailservice_f2/2: predicted=emailservice expected=emailservice hit=True tokens=153112 error=None
