nohup: 忽略输入
RE3-TT/ts-auth-service_f1/1: predicted=ts-auth-service expected=ts-auth-service hit=True tokens=180886 error=None
RE3-TT/ts-auth-service_f1/2: predicted=ts-inside-payment-service expected=ts-auth-service hit=False tokens=184090 error=None
RE3-TT/ts-auth-service_f1/3: predicted=ts-order-service expected=ts-auth-service hit=False tokens=193508 error=None
RE3-TT/ts-auth-service_f1/4: predicted=ts-order-service expected=ts-auth-service hit=False tokens=250565 error=None
RE3-TT/ts-auth-service_f2/1: predicted=ts-order-other-service expected=ts-auth-service hit=False tokens=189197 error=None
RE3-TT/ts-auth-service_f2/2: predicted=ts-order-service expected=ts-auth-service hit=False tokens=179556 error=None
RE3-TT/ts-auth-service_f2/3: predicted=ts-inside-payment-service expected=ts-auth-service hit=False tokens=193898 error=None
RE3-TT/ts-auth-service_f2/4: predicted=ts-auth-service expected=ts-auth-service hit=True tokens=185165 error=None
RE3-TT/ts-auth-service_f3/1: predicted=ts-admin-travel-service expected=ts-auth-service hit=False tokens=179796 error=None
RE3-TT/ts-auth-service_f3/2: predicted=ts-auth-service expected=ts-auth-service hit=True tokens=190292 error=None
RE3-TT/ts-auth-service_f3/3: predicted=ts-auth-service expected=ts-auth-service hit=True tokens=189893 error=None
RE3-TT/ts-auth-service_f3/4: predicted=ts-auth-service expected=ts-auth-service hit=True tokens=202921 error=None
RE3-TT/ts-auth-service_f4/1: predicted=ts-auth-service expected=ts-auth-service hit=True tokens=219805 error=None
RE3-TT/ts-auth-service_f4/2: predicted=ts-inside-payment-service expected=ts-auth-service hit=False tokens=165740 error=None
RE3-TT/ts-auth-service_f4/3: predicted=ts-order-service expected=ts-auth-service hit=False tokens=169298 error=None
RE3-TT/ts-route-service_f1/1: predicted=ts-route-service expected=ts-route-service hit=True tokens=172790 error=None
RE3-TT/ts-route-service_f1/2: predicted=ts-route-service expected=ts-route-service hit=True tokens=192274 error=None
RE3-TT/ts-route-service_f1/3: predicted=ts-route-service expected=ts-route-service hit=True tokens=188818 error=None
RE3-TT/ts-route-service_f2/1: predicted=ts-route-service expected=ts-route-service hit=True tokens=246158 error=None
